// Jest Snapshot v1, https://goo.gl/fbAQLP

exports[`Network component renders without throwing 1`] = `null`;
